(base)
Gaby@CGFS MINGW64 ~/OneDrive/Desktop
$ mkdir Repo
(base)
Gaby@CGFS MINGW64 ~/OneDrive/Desktop
$ cd repo
(base)
Gaby@CGFS MINGW64 ~/OneDrive/Desktop/repo
$ echo "# Creating Local Repo" >> README.md
(base)
Gaby@CGFS MINGW64 ~/OneDrive/Desktop/repo
$ git init
Initialized empty Git repository in C:/Users/Carlo/OneDrive/Desktop/Repo/.git/
(base)
Gaby@CGFS MINGW64 ~/OneDrive/Desktop/repo (master)
$ git add README.md
(base)
Gaby@CGFS MINGW64 ~/OneDrive/Desktop/repo (master)
$ git commit -m "Add README to main Branch"
[master (root-commit) 376fca6] Add README to main Branch
 1 file changed, 1 insertion(+)
 create mode 100644 README.md
(base)
Gaby@CGFS MINGW64 ~/OneDrive/Desktop/repo (master)
$ git branch -M main
(base)
Gaby@CGFS MINGW64 ~/OneDrive/Desktop/repo (main)
$ git remote add origin https://github.com/cgfs93/Creating_Local_Repo.git
(base)
Gaby@CGFS MINGW64 ~/OneDrive/Desktop/repo (main)
$ git push -u origin main
info: please complete authentication in your browser...
remote: Repository not found.
fatal: repository 'https://github.com/cgfs93/Creating_Local_Repo.git/' not found
(base)
Gaby@CGFS MINGW64 ~/OneDrive/Desktop/repo (main)
$ git push -u origin main
info: please complete authentication in your browser...
Enumerating objects: 3, done.
Counting objects: 100% (3/3), done.
Writing objects: 100% (3/3), 260 bytes | 260.00 KiB/s, done.
Total 3 (delta 0), reused 0 (delta 0), pack-reused 0
remote: This repository moved. Please use the new location:
remote:   https://github.com/CGFS93/Creating_Local_Repo.git
To https://github.com/cgfs93/Creating_Local_Repo.git
 * [new branch]      main -> main
branch 'main' set up to track 'origin/main'.
(base)
Gaby@CGFS MINGW64 ~/OneDrive/Desktop/repo (main)
$ git checkout -b demo
Switched to a new branch 'demo'
(base)
Gaby@CGFS MINGW64 ~/OneDrive/Desktop/repo (demo)
$ git push --set-upstream origin demo
Total 0 (delta 0), reused 0 (delta 0), pack-reused 0
remote: This repository moved. Please use the new location:
remote:   https://github.com/CGFS93/Creating_Local_Repo.git
remote:
remote: Create a pull request for 'demo' on GitHub by visiting:
remote:      https://github.com/CGFS93/Creating_Local_Repo/pull/new/demo
remote:
To https://github.com/cgfs93/Creating_Local_Repo.git
 * [new branch]      demo -> demo
branch 'demo' set up to track 'origin/demo'.
(base)
Gaby@CGFS MINGW64 ~/OneDrive/Desktop/repo (demo)
$ touch main.py
(base)
Gaby@CGFS MINGW64 ~/OneDrive/Desktop/repo (demo)
$ touch mt.csv
(base)
Gaby@CGFS MINGW64 ~/OneDrive/Desktop/repo (demo)
$ git add .
(base)
Gaby@CGFS MINGW64 ~/OneDrive/Desktop/repo (demo)
$ git commit -m "Add new files to demo branch"
[demo 45c3ac8] Add new files to demo branch
 2 files changed, 0 insertions(+), 0 deletions(-)
 create mode 100644 main.py
 create mode 100644 mt.csv
(base)
Gaby@CGFS MINGW64 ~/OneDrive/Desktop/repo (demo)
$ git push
Enumerating objects: 4, done.
Counting objects: 100% (4/4), done.
Delta compression using up to 8 threads
Compressing objects: 100% (2/2), done.
Writing objects: 100% (3/3), 307 bytes | 307.00 KiB/s, done.
Total 3 (delta 0), reused 0 (delta 0), pack-reused 0
remote: This repository moved. Please use the new location:
remote:   https://github.com/CGFS93/Creating_Local_Repo.git
To https://github.com/cgfs93/Creating_Local_Repo.git
   376fca6..45c3ac8  demo -> demo
(base)
Gaby@CGFS MINGW64 ~/OneDrive/Desktop/repo (demo)
$ git switch main
Switched to branch 'main'
Your branch is up to date with 'origin/main'.
(base)
Gaby@CGFS MINGW64 ~/OneDrive/Desktop/repo (main)
$ command | tee command.txt